[clarks-vcard.netlify.app/index-particles2.html]
[backblue.gif]
[fade.gif]
[index.html]
[clarks-vcard.netlify.app/css/style.css]
[clarks-vcard.netlify.app/css/style-demo.css]
[clarks-vcard.netlify.app/css/cyan-color.css]
[clarks-vcard.netlify.app/js/modernizr.js]
[clarks-vcard.netlify.app/img/favicon.ico]
[clarks-vcard.netlify.app/css/tan-color.css]
[clarks-vcard.netlify.app/css/red-color.css]
[clarks-vcard.netlify.app/css/green-color.css]
[clarks-vcard.netlify.app/css/blue-color.css]
[clarks-vcard.netlify.app/css/purple-color.css]
[clarks-vcard.netlify.app/img/background/bg-img2.jpg]
[clarks-vcard.netlify.app/img/profile-img.jpg]
[clarks-vcard.netlify.app/img/about-img.jpg]
[clarks-vcard.netlify.app/img/testimonials/author-1.jpg]
[clarks-vcard.netlify.app/img/testimonials/author-2.jpg]
[clarks-vcard.netlify.app/img/testimonials/author-3.jpg]
[clarks-vcard.netlify.app/img/clients/client-01.png]
[clarks-vcard.netlify.app/img/clients/client-02.png]
[clarks-vcard.netlify.app/img/clients/client-03.png]
[clarks-vcard.netlify.app/img/clients/client-04.png]
[clarks-vcard.netlify.app/img/clients/client-05.png]
[clarks-vcard.netlify.app/img/clients/client-06.png]
[clarks-vcard.netlify.app/img/clients/client-07.png]
[clarks-vcard.netlify.app/img/clients/client-08.png]
[clarks-vcard.netlify.app/img/clients/client-09.png]
[clarks-vcard.netlify.app/img/portfolio/img-1.jpg]
[clarks-vcard.netlify.app/img/portfolio/img-2.jpg]
[clarks-vcard.netlify.app/img/portfolio/img-3.jpg]
[clarks-vcard.netlify.app/img/portfolio/img-4.jpg]
[clarks-vcard.netlify.app/img/portfolio/img-5.jpg]
[clarks-vcard.netlify.app/img/portfolio/img-6.jpg]
[clarks-vcard.netlify.app/img/portfolio/img-7.jpg]
[clarks-vcard.netlify.app/img/portfolio/img-8.jpg]
[clarks-vcard.netlify.app/img/portfolio/img-9.jpg]
[clarks-vcard.netlify.app/img/portfolio/img-10.jpg]
[clarks-vcard.netlify.app/img/portfolio/img-11.jpg]
[clarks-vcard.netlify.app/single-blog.html]
[clarks-vcard.netlify.app/img/blogs/img-1.jpg]
[clarks-vcard.netlify.app/img/blogs/img-2.jpg]
[clarks-vcard.netlify.app/img/blogs/img-3.jpg]
[clarks-vcard.netlify.app/img/blogs/img-4.jpg]
[clarks-vcard.netlify.app/img/blogs/img-5.jpg]
[clarks-vcard.netlify.app/img/blogs/img-6.jpg]
[clarks-vcard.netlify.app/js/jquery.min.js]
[clarks-vcard.netlify.app/js/plugins.min.js]
[clarks-vcard.netlify.app/js/main.js]
[clarks-vcard.netlify.app/js/main-demo.js]
[clarks-vcard.netlify.app/index-particles2.html]
[clarks-vcard.netlify.app/css/plugins/bootstrap.css]
[clarks-vcard.netlify.app/css/plugins/fontawesome.css]
[clarks-vcard.netlify.app/css/plugins/et-line.css]
[clarks-vcard.netlify.app/css/plugins/simplebar.css]
[clarks-vcard.netlify.app/css/plugins/owl.carousel.min.css]
[clarks-vcard.netlify.app/css/plugins.css]
[clarks-vcard.netlify.app/css/style.css]
[clarks-vcard.netlify.app/css/style-demo.css]
[clarks-vcard.netlify.app/css/cyan-color.css]
[clarks-vcard.netlify.app/css/tan-color.css]
[clarks-vcard.netlify.app/css/red-color.css]
[clarks-vcard.netlify.app/css/green-color.css]
[clarks-vcard.netlify.app/css/blue-color.css]
[clarks-vcard.netlify.app/css/purple-color.css]
[clarks-vcard.netlify.app/css/plugins/magnific-popup.css]
[clarks-vcard.netlify.app/index-main.html]
[clarks-vcard.netlify.app/img/blogs/single-blog.jpg]
[clarks-vcard.netlify.app/single-blog.html]
[clarks-vcard.netlify.app/css/plugins/bootstrap.css]
[clarks-vcard.netlify.app/fonts/fa-brands-400.eot]
[clarks-vcard.netlify.app/fonts/fa-brands-400d41d.eot]
[clarks-vcard.netlify.app/fonts/fa-brands-400.woff2]
[clarks-vcard.netlify.app/fonts/fa-brands-400.woff]
[clarks-vcard.netlify.app/fonts/fa-brands-400.ttf]
[clarks-vcard.netlify.app/fonts/fa-brands-400.svg]
[clarks-vcard.netlify.app/fonts/fa-regular-400.eot]
[clarks-vcard.netlify.app/fonts/fa-regular-400d41d.eot]
[clarks-vcard.netlify.app/fonts/fa-regular-400.woff2]
[clarks-vcard.netlify.app/fonts/fa-regular-400.woff]
[clarks-vcard.netlify.app/fonts/fa-regular-400.ttf]
[clarks-vcard.netlify.app/fonts/fa-regular-400.svg]
[clarks-vcard.netlify.app/fonts/fa-solid-900.eot]
[clarks-vcard.netlify.app/fonts/fa-solid-900d41d.eot]
[clarks-vcard.netlify.app/fonts/fa-solid-900.woff2]
[clarks-vcard.netlify.app/fonts/fa-solid-900.woff]
[clarks-vcard.netlify.app/fonts/fa-solid-900.ttf]
[clarks-vcard.netlify.app/css/plugins/fontawesome.css]
[clarks-vcard.netlify.app/fonts/fa-solid-900.svg]
[clarks-vcard.netlify.app/fonts/et-line.eot]
[clarks-vcard.netlify.app/fonts/et-lined41d.eot]
[clarks-vcard.netlify.app/fonts/et-line.woff]
[clarks-vcard.netlify.app/fonts/et-line.ttf]
[clarks-vcard.netlify.app/css/plugins/et-line.css]
[clarks-vcard.netlify.app/css/plugins/simplebar.css]
[clarks-vcard.netlify.app/fonts/et-line.svg]
[clarks-vcard.netlify.app/node_modules/owl.carousel/dist/assets/owl.video.play.51.delayed]
[clarks-vcard.netlify.app/css/plugins/owl.carousel.min.css]
[clarks-vcard.netlify.app/css/plugins/owl.theme.default.min.css]
[clarks-vcard.netlify.app/css/plugins/magnific-popup.css]
[clarks-vcard.netlify.app/img/background/bg-img.jpg]
[clarks-vcard.netlify.app/index-main.html]
[clarks-vcard.netlify.app/fonts/fa-brands-400.svg]
[clarks-vcard.netlify.app/fonts/fa-regular-400.svg]
[clarks-vcard.netlify.app/fonts/fa-solid-900.svg]
[clarks-vcard.netlify.app/fonts/et-line.svg]
[clarks-vcard.netlify.app/node_modules/owl.carousel/dist/assets/owl.video.play.html]
