[index-2.html]
[css/bootstrap.min.css]
[css/jquery.animatedheadline.css]
[css/font-awesome.min.css]
[public/css/plugins.css]
[css/style.css]
[css/styleswitcher.css]
[backblue.gif]
[fade.gif]
[index.html]
[css/skins/yellow.css]
[_next/static/css/d07cee16146ae897.css]
[_next/static/chunks/polyfills-0d1b80a048d4787e.js]
[_next/static/chunks/webpack-4480040a77ca9db8.js]
[_next/static/chunks/framework-4556c45dd113b893.js]
[_next/static/chunks/main-5ae059702bc551aa.js]
[_next/static/chunks/pages/_app-a45f3db7fcd1502b.js]
[_next/static/chunks/539-c9bb756418cdcdce.js]
[_next/static/chunks/9-3925be9cab6c139e.js]
[_next/static/chunks/pages/index-bf4fbb7c7a1d984e.js]
[_next/static/u46fD7PBDVvMdxD2lnQ1i/_buildManifest.js]
[_next/static/u46fD7PBDVvMdxD2lnQ1i/_ssgManifest.js]
[img/styleswitcher/blue.png]
[img/styleswitcher/red.png]
[img/styleswitcher/goldenrod.png]
[img/styleswitcher/magenta.png]
[img/styleswitcher/yellowgreen.png]
[img/styleswitcher/orange.png]
[img/styleswitcher/green.png]
[img/styleswitcher/yellow.png]
[img/dark-about.jpg]
[img/4-2.jpg]
[undefined]
[img/blog/blog-post-1.jpg]
[img/blog/blog-post-2.jpg]
[img/blog/blog-post-3.jpg]
[img/blog/blog-post-4.jpg]
[index-2.html]
[css/bootstrap.min.css]
[css/jquery.animatedheadline.css]
[fonts/fontawesome-webfont3e6e.eot]
[fonts/fontawesome-webfontd41d.eot]
[fonts/fontawesome-webfont3e6e.woff2]
[fonts/fontawesome-webfont3e6e.woff]
[fonts/fontawesome-webfont3e6e.ttf]
[css/font-awesome.min.css]
[public/css/404]
[fonts/fontawesome-webfont3e6e.svg]
[img/fullscreendark.jpg]
[img/fullscreenbgimage.jpg]
[img/leftimage-bg.jpg]
[img/blog/banner.jpg]
[css/style.css]
[css/styleswitcher.css]
[css/skins/yellow.css]
[_next/static/css/d07cee16146ae897.css]
[404]
[fonts/fontawesome-webfont3e6e.svg]
